// Jest Snapshot v1, https://goo.gl/fbAQLP

exports[`renders correctly 1`] = `
<View
  style={
    Object {
      "alignItems": "center",
      "backgroundColor": "#fff",
      "flex": 1,
      "justifyContent": "center",
    }
  }
>
  <Text
    accessible={true}
    allowFontScaling={true}
    disabled={false}
    ellipsizeMode="tail"
  >
    ""
  </Text>
  <View
    style={
      Object {
        "alignItems": "center",
        "flex": 1,
        "flexDirection": "column",
      }
    }
  >
    <View
      style={
        Object {
          "alignItems": "flex-end",
          "flex": 3,
          "flexDirection": "row",
        }
      }
    >
      <Text
        accessible={true}
        allowFontScaling={true}
        disabled={false}
        ellipsizeMode="tail"
        style={
          Object {
            "alignItems": "center",
            "fontSize": 30,
            "fontWeight": "bold",
            "height": 100,
            "justifyContent": "center",
          }
        }
      >
        Hear
        <Text
          accessible={true}
          allowFontScaling={true}
          disabled={false}
          ellipsizeMode="tail"
          style={
            Object {
              "color": "red",
            }
          }
        >
          T
        </Text>
        app
      </Text>
    </View>
    <View
      style={
        Object {
          "alignItems": "stretch",
          "flex": 1,
        }
      }
    >
      <View
        style={
          Object {
            "alignItems": "flex-start",
            "flex": 1,
            "justifyContent": "flex-start",
            "paddingTop": 0,
          }
        }
      >
        <Text
          accessible={true}
          allowFontScaling={true}
          disabled={false}
          ellipsizeMode="tail"
        />
      </View>
    </View>
    <View
      style={
        Object {
          "alignItems": "flex-end",
          "flex": 1,
          "flexDirection": "row",
          "margin": 20,
        }
      }
    >
      <View
        accessibilityComponentType="button"
        accessibilityLabel={undefined}
        accessibilityTraits="button"
        accessible={true}
        collapsable={undefined}
        hitSlop={undefined}
        isTVSelectable={true}
        nativeID={undefined}
        onLayout={undefined}
        onResponderGrant={[Function]}
        onResponderMove={[Function]}
        onResponderRelease={[Function]}
        onResponderTerminate={[Function]}
        onResponderTerminationRequest={[Function]}
        onStartShouldSetResponder={[Function]}
        style={
          Object {
            "backgroundColor": "red",
            "borderRadius": 4,
            "height": 50,
            "opacity": 1,
            "overflow": "hidden",
            "padding": 10,
          }
        }
        testID={undefined}
        tvParallaxProperties={undefined}
      >
        <Text
          accessible={true}
          allowFontScaling={true}
          disabled={false}
          ellipsizeMode="tail"
          style={
            Array [
              Object {
                "color": "#007aff",
                "fontSize": 17,
                "fontWeight": "500",
                "textAlign": "center",
              },
              null,
              Object {
                "color": "white",
                "fontSize": 20,
                "width": 200,
              },
              null,
            ]
          }
        >
          Tap Heart Rate
        </Text>
      </View>
    </View>
    <View
      style={
        Object {
          "flex": 1,
        }
      }
    >
      <View
        accessibilityComponentType="button"
        accessibilityLabel={undefined}
        accessibilityTraits="button"
        accessible={true}
        collapsable={undefined}
        hitSlop={undefined}
        isTVSelectable={true}
        nativeID={undefined}
        onLayout={undefined}
        onResponderGrant={[Function]}
        onResponderMove={[Function]}
        onResponderRelease={[Function]}
        onResponderTerminate={[Function]}
        onResponderTerminationRequest={[Function]}
        onStartShouldSetResponder={[Function]}
        style={
          Object {
            "backgroundColor": "red",
            "borderRadius": 4,
            "height": 50,
            "opacity": 1,
            "overflow": "hidden",
            "padding": 10,
          }
        }
        testID={undefined}
        tvParallaxProperties={undefined}
      >
        <Text
          accessible={true}
          allowFontScaling={true}
          disabled={false}
          ellipsizeMode="tail"
          style={
            Array [
              Object {
                "color": "#007aff",
                "fontSize": 17,
                "fontWeight": "500",
                "textAlign": "center",
              },
              null,
              Object {
                "color": "white",
                "fontSize": 20,
                "width": 200,
              },
              null,
            ]
          }
        >
          Learn How
        </Text>
      </View>
    </View>
  </View>
</View>
`;
